// Jest Snapshot v1, https://goo.gl/fbAQLP

exports[`should render ExpenseList with empty message 1`] = `
<div>
  <p>
    No Expenses
  </p>
</div>
`;

exports[`should render expense list with expenses 1`] = `
<div>
  <Connect(ExpenseListItem)
    amount={195}
    createdAt={0}
    description="Gum"
    id="1"
    key="0"
    note=""
  />
  <Connect(ExpenseListItem)
    amount={195000}
    createdAt={-349200000}
    description="Rent"
    id="2"
    key="1"
    note=""
  />
  <Connect(ExpenseListItem)
    amount={4505}
    createdAt={345600000}
    description="Credit Card"
    id="3"
    key="2"
    note=""
  />
</div>
`;
